<html>
<body>
<pre>
<h1>µVision Build Log</h1>
<h2>Tool Versions:</h2>
IDE-Version: µVision V5.25.2.0
Copyright (C) 2018 ARM Ltd and ARM Germany GmbH. All rights reserved.
License Information: ss ss, ss, LIC=----
 
Tool Versions:
Toolchain:       MDK-Lite  Version: 5.25.2.0
Toolchain Path:  C:\Keil_v5\ARM\ARMCC\Bin
C Compiler:      Armcc.exe V5.06 update 6 (build 750)
Assembler:       Armasm.exe V5.06 update 6 (build 750)
Linker/Locator:  ArmLink.exe V5.06 update 6 (build 750)
Library Manager: ArmAr.exe V5.06 update 6 (build 750)
Hex Converter:   FromElf.exe V5.06 update 6 (build 750)
CPU DLL:         SARMCM3.DLL V5.25.2.0
Dialog DLL:      DCM.DLL V1.17.1.0
Target DLL:      STLink\ST-LINKIII-KEIL_SWO.dll V3.0.1.0
Dialog DLL:      TCM.DLL V1.35.1.0
 
<h2>Project:</h2>
E:\Adel\work\riz\riz_mini_new\riz_mini_project\MDK-ARM\riz_mini_project.uvprojx
Project File Date:  12/24/2019

<h2>Output:</h2>
*** Using Compiler 'V5.06 update 6 (build 750)', folder: 'C:\Keil_v5\ARM\ARMCC\Bin'
Build target 'riz_mini_project'
assembling startup_stm32f303xc.s...
compiling stm32f3xx_it.c...
../Src/stm32f3xx_it.c(52): warning:  #188-D: enumerated type mixed with another type
  			HAL_GPIO_WritePin(GPIOA, GPIO_PIN_15, 0);
../Src/stm32f3xx_it.c(53): warning:  #188-D: enumerated type mixed with another type
  			HAL_GPIO_WritePin(GPIOC, GPIO_PIN_10, 1);
../Src/stm32f3xx_it.c(54): warning:  #188-D: enumerated type mixed with another type
  			HAL_GPIO_WritePin(GPIOC, GPIO_PIN_11, 1);
../Src/stm32f3xx_it.c(55): warning:  #188-D: enumerated type mixed with another type
  			HAL_GPIO_WritePin(GPIOC, GPIO_PIN_12, 1);
../Src/stm32f3xx_it.c(58): warning:  #188-D: enumerated type mixed with another type
  			HAL_GPIO_WritePin(GPIOA, GPIO_PIN_15, 1);
../Src/stm32f3xx_it.c(59): warning:  #188-D: enumerated type mixed with another type
  			HAL_GPIO_WritePin(GPIOC, GPIO_PIN_10, 0);
../Src/stm32f3xx_it.c(60): warning:  #188-D: enumerated type mixed with another type
  			HAL_GPIO_WritePin(GPIOC, GPIO_PIN_11, 1);
../Src/stm32f3xx_it.c(61): warning:  #188-D: enumerated type mixed with another type
  			HAL_GPIO_WritePin(GPIOC, GPIO_PIN_12, 1);
../Src/stm32f3xx_it.c(64): warning:  #188-D: enumerated type mixed with another type
  			HAL_GPIO_WritePin(GPIOA, GPIO_PIN_15, 1);
../Src/stm32f3xx_it.c(65): warning:  #188-D: enumerated type mixed with another type
  			HAL_GPIO_WritePin(GPIOC, GPIO_PIN_10, 1);
../Src/stm32f3xx_it.c(66): warning:  #188-D: enumerated type mixed with another type
  			HAL_GPIO_WritePin(GPIOC, GPIO_PIN_11, 0);
../Src/stm32f3xx_it.c(67): warning:  #188-D: enumerated type mixed with another type
  			HAL_GPIO_WritePin(GPIOC, GPIO_PIN_12, 1);
../Src/stm32f3xx_it.c(70): warning:  #188-D: enumerated type mixed with another type
  			HAL_GPIO_WritePin(GPIOA, GPIO_PIN_15, 1);
../Src/stm32f3xx_it.c(71): warning:  #188-D: enumerated type mixed with another type
  			HAL_GPIO_WritePin(GPIOC, GPIO_PIN_10, 1);
../Src/stm32f3xx_it.c(72): warning:  #188-D: enumerated type mixed with another type
  			HAL_GPIO_WritePin(GPIOC, GPIO_PIN_11, 1);
../Src/stm32f3xx_it.c(73): warning:  #188-D: enumerated type mixed with another type
  			HAL_GPIO_WritePin(GPIOC, GPIO_PIN_12, 0);
../Src/stm32f3xx_it.c(81): warning:  #188-D: enumerated type mixed with another type
  			HAL_GPIO_WritePin(GPIOD, GPIO_PIN_0, 1);
../Src/stm32f3xx_it.c(82): warning:  #188-D: enumerated type mixed with another type
  			HAL_GPIO_WritePin(GPIOD, GPIO_PIN_1, 0);
../Src/stm32f3xx_it.c(83): warning:  #188-D: enumerated type mixed with another type
  			HAL_GPIO_WritePin(GPIOD, GPIO_PIN_2, 1);
../Src/stm32f3xx_it.c(84): warning:  #188-D: enumerated type mixed with another type
  			HAL_GPIO_WritePin(GPIOD, GPIO_PIN_3, 1);
../Src/stm32f3xx_it.c(85): warning:  #188-D: enumerated type mixed with another type
  			HAL_GPIO_WritePin(GPIOD, GPIO_PIN_4, 0);
../Src/stm32f3xx_it.c(86): warning:  #188-D: enumerated type mixed with another type
  			HAL_GPIO_WritePin(GPIOD, GPIO_PIN_5, 1);
../Src/stm32f3xx_it.c(87): warning:  #188-D: enumerated type mixed with another type
  			HAL_GPIO_WritePin(GPIOD, GPIO_PIN_6, 1);
../Src/stm32f3xx_it.c(90): warning:  #188-D: enumerated type mixed with another type
  			HAL_GPIO_WritePin(GPIOD, GPIO_PIN_0, 1);
../Src/stm32f3xx_it.c(91): warning:  #188-D: enumerated type mixed with another type
  			HAL_GPIO_WritePin(GPIOD, GPIO_PIN_1, 1);
../Src/stm32f3xx_it.c(92): warning:  #188-D: enumerated type mixed with another type
  			HAL_GPIO_WritePin(GPIOD, GPIO_PIN_2, 1);
../Src/stm32f3xx_it.c(93): warning:  #188-D: enumerated type mixed with another type
  			HAL_GPIO_WritePin(GPIOD, GPIO_PIN_3, 0);
../Src/stm32f3xx_it.c(94): warning:  #188-D: enumerated type mixed with another type
  			HAL_GPIO_WritePin(GPIOD, GPIO_PIN_4, 1);
../Src/stm32f3xx_it.c(95): warning:  #188-D: enumerated type mixed with another type
  			HAL_GPIO_WritePin(GPIOD, GPIO_PIN_5, 1);
../Src/stm32f3xx_it.c(96): warning:  #188-D: enumerated type mixed with another type
  			HAL_GPIO_WritePin(GPIOD, GPIO_PIN_6, 1);
../Src/stm32f3xx_it.c(99): warning:  #188-D: enumerated type mixed with another type
  			HAL_GPIO_WritePin(GPIOD, GPIO_PIN_0, 1);
../Src/stm32f3xx_it.c(100): warning:  #188-D: enumerated type mixed with another type
  			HAL_GPIO_WritePin(GPIOD, GPIO_PIN_1, 0);
../Src/stm32f3xx_it.c(101): warning:  #188-D: enumerated type mixed with another type
  			HAL_GPIO_WritePin(GPIOD, GPIO_PIN_2, 0);
../Src/stm32f3xx_it.c(102): warning:  #188-D: enumerated type mixed with another type
  			HAL_GPIO_WritePin(GPIOD, GPIO_PIN_3, 0);
../Src/stm32f3xx_it.c(103): warning:  #188-D: enumerated type mixed with another type
  			HAL_GPIO_WritePin(GPIOD, GPIO_PIN_4, 1);
../Src/stm32f3xx_it.c(104): warning:  #188-D: enumerated type mixed with another type
  			HAL_GPIO_WritePin(GPIOD, GPIO_PIN_5, 1);
../Src/stm32f3xx_it.c(105): warning:  #188-D: enumerated type mixed with another type
  			HAL_GPIO_WritePin(GPIOD, GPIO_PIN_6, 1);
../Src/stm32f3xx_it.c(108): warning:  #188-D: enumerated type mixed with another type
  			HAL_GPIO_WritePin(GPIOD, GPIO_PIN_0, 1);
../Src/stm32f3xx_it.c(109): warning:  #188-D: enumerated type mixed with another type
  			HAL_GPIO_WritePin(GPIOD, GPIO_PIN_1, 0);
../Src/stm32f3xx_it.c(110): warning:  #188-D: enumerated type mixed with another type
  			HAL_GPIO_WritePin(GPIOD, GPIO_PIN_2, 0);
../Src/stm32f3xx_it.c(111): warning:  #188-D: enumerated type mixed with another type
  			HAL_GPIO_WritePin(GPIOD, GPIO_PIN_3, 1);
../Src/stm32f3xx_it.c(112): warning:  #188-D: enumerated type mixed with another type
  			HAL_GPIO_WritePin(GPIOD, GPIO_PIN_4, 1);
../Src/stm32f3xx_it.c(113): warning:  #188-D: enumerated type mixed with another type
  			HAL_GPIO_WritePin(GPIOD, GPIO_PIN_5, 1);
../Src/stm32f3xx_it.c(114): warning:  #188-D: enumerated type mixed with another type
  			HAL_GPIO_WritePin(GPIOD, GPIO_PIN_6, 1);
../Src/stm32f3xx_it.c(117): warning:  #188-D: enumerated type mixed with another type
  			HAL_GPIO_WritePin(GPIOD, GPIO_PIN_0, 0);
../Src/stm32f3xx_it.c(118): warning:  #188-D: enumerated type mixed with another type
  			HAL_GPIO_WritePin(GPIOD, GPIO_PIN_1, 1);
../Src/stm32f3xx_it.c(119): warning:  #188-D: enumerated type mixed with another type
  			HAL_GPIO_WritePin(GPIOD, GPIO_PIN_2, 1);
../Src/stm32f3xx_it.c(120): warning:  #188-D: enumerated type mixed with another type
  			HAL_GPIO_WritePin(GPIOD, GPIO_PIN_3, 0);
../Src/stm32f3xx_it.c(121): warning:  #188-D: enumerated type mixed with another type
  			HAL_GPIO_WritePin(GPIOD, GPIO_PIN_4, 0);
../Src/stm32f3xx_it.c(122): warning:  #188-D: enumerated type mixed with another type
  			HAL_GPIO_WritePin(GPIOD, GPIO_PIN_5, 0);
../Src/stm32f3xx_it.c(123): warning:  #188-D: enumerated type mixed with another type
  			HAL_GPIO_WritePin(GPIOD, GPIO_PIN_6, 0);
../Src/stm32f3xx_it.c(126): warning:  #188-D: enumerated type mixed with another type
  			HAL_GPIO_WritePin(GPIOD, GPIO_PIN_0, 1);
../Src/stm32f3xx_it.c(127): warning:  #188-D: enumerated type mixed with another type
  			HAL_GPIO_WritePin(GPIOD, GPIO_PIN_1, 1);
../Src/stm32f3xx_it.c(128): warning:  #188-D: enumerated type mixed with another type
  			HAL_GPIO_WritePin(GPIOD, GPIO_PIN_2, 1);
../Src/stm32f3xx_it.c(129): warning:  #188-D: enumerated type mixed with another type
  			HAL_GPIO_WritePin(GPIOD, GPIO_PIN_3, 0);
../Src/stm32f3xx_it.c(130): warning:  #188-D: enumerated type mixed with another type
  			HAL_GPIO_WritePin(GPIOD, GPIO_PIN_4, 1);
../Src/stm32f3xx_it.c(131): warning:  #188-D: enumerated type mixed with another type
  			HAL_GPIO_WritePin(GPIOD, GPIO_PIN_5, 1);
../Src/stm32f3xx_it.c(132): warning:  #188-D: enumerated type mixed with another type
  			HAL_GPIO_WritePin(GPIOD, GPIO_PIN_6, 1);
../Src/stm32f3xx_it.c: 58 warnings, 0 errors
compiling main.c...
../Src/main.c(93): warning:  #177-D: variable "sent"  was declared but never referenced
  	  unsigned char sent[5] = "safe\n";
../Src/main.c(266): warning:  #188-D: enumerated type mixed with another type
  	HAL_GPIO_WritePin(GPIOE, GPIO_PIN_3, 0);
../Src/main.c(267): warning:  #188-D: enumerated type mixed with another type
  	HAL_GPIO_WritePin(GPIOE, GPIO_PIN_2, 1);
../Src/main.c(268): warning:  #188-D: enumerated type mixed with another type
  	HAL_GPIO_WritePin(GPIOE, GPIO_PIN_4, 1);
../Src/main.c(269): warning:  #188-D: enumerated type mixed with another type
  	HAL_GPIO_WritePin(GPIOE, GPIO_PIN_10, 1);
../Src/main.c: 5 warnings, 0 errors
compiling LiquidCrystal.c...
compiling stm32f3xx_hal_adc.c...
compiling stm32f3xx_hal_msp.c...
compiling stm32f3xx_hal_adc_ex.c...
compiling stm32f3xx_hal_i2c_ex.c...
compiling stm32f3xx_hal_i2c.c...
compiling stm32f3xx_hal_spi.c...
compiling stm32f3xx_hal_spi_ex.c...
compiling stm32f3xx_hal_tim.c...
compiling stm32f3xx_hal_tim_ex.c...
compiling stm32f3xx_hal_uart_ex.c...
compiling stm32f3xx_hal_pcd.c...
compiling stm32f3xx_hal_uart.c...
compiling stm32f3xx_hal_rcc.c...
compiling stm32f3xx_hal_pcd_ex.c...
compiling stm32f3xx_hal.c...
compiling stm32f3xx_hal_gpio.c...
compiling stm32f3xx_hal_dma.c...
compiling stm32f3xx_hal_rcc_ex.c...
compiling stm32f3xx_hal_cortex.c...
compiling stm32f3xx_hal_pwr_ex.c...
compiling stm32f3xx_hal_pwr.c...
compiling system_stm32f3xx.c...
compiling stm32f3xx_hal_flash_ex.c...
compiling stm32f3xx_hal_flash.c...
linking...
Program Size: Code=15392 RO-data=480 RW-data=164 ZI-data=2500  
FromELF: creating hex file...
"riz_mini_project\riz_mini_project.axf" - 0 Error(s), 63 Warning(s).

<h2>Software Packages used:</h2>

Package Vendor: ARM
                http://www.keil.com/pack/ARM.CMSIS.5.3.0.pack
                ARM.CMSIS.5.3.0
                CMSIS (Cortex Microcontroller Software Interface Standard)
   * Component: CORE Version: 5.1.1

Package Vendor: Keil
                http://www.keil.com/pack/Keil.STM32F3xx_DFP.2.1.0.pack
                Keil.STM32F3xx_DFP.2.1.0
                STMicroelectronics STM32F3 Series Device Support and Examples

<h2>Collection of Component include folders:</h2>
  .\RTE\_riz_mini_project
  C:\Keil_v5\ARM\PACK\ARM\CMSIS\5.3.0\CMSIS\Include
  C:\Keil_v5\ARM\PACK\Keil\STM32F3xx_DFP\2.1.0\Drivers\CMSIS\Device\ST\STM32F3xx\Include

<h2>Collection of Component Files used:</h2>

   * Component: ARM::CMSIS:CORE:5.1.1
Build Time Elapsed:  00:00:43
</pre>
</body>
</html>
