<html>
<body>
<pre>
<h1>µVision Build Log</h1>
<h2>Tool Versions:</h2>
IDE-Version: µVision V5.25.2.0
Copyright (C) 2018 ARM Ltd and ARM Germany GmbH. All rights reserved.
License Information: ss ss, ss, LIC=----
 
Tool Versions:
Toolchain:       MDK-Lite  Version: 5.25.2.0
Toolchain Path:  C:\Keil_v5\ARM\ARMCC\Bin
C Compiler:      Armcc.exe V5.06 update 6 (build 750)
Assembler:       Armasm.exe V5.06 update 6 (build 750)
Linker/Locator:  ArmLink.exe V5.06 update 6 (build 750)
Library Manager: ArmAr.exe V5.06 update 6 (build 750)
Hex Converter:   FromElf.exe V5.06 update 6 (build 750)
CPU DLL:         SARMCM3.DLL V5.25.2.0
Dialog DLL:      DCM.DLL V1.17.1.0
Target DLL:      STLink\ST-LINKIII-KEIL_SWO.dll V3.0.1.0
Dialog DLL:      TCM.DLL V1.35.1.0
 
<h2>Project:</h2>
E:\Adel\work\riz\riz_mini_new\riz_mini_project\MDK-ARM\riz_mini_project.uvprojx
Project File Date:  12/24/2019

<h2>Output:</h2>
*** Using Compiler 'V5.06 update 6 (build 750)', folder: 'C:\Keil_v5\ARM\ARMCC\Bin'
Build target 'riz_mini_project'
compiling stm32f3xx_it.c...
../Src/stm32f3xx_it.c(49): warning:  #188-D: enumerated type mixed with another type
  			HAL_GPIO_WritePin(GPIOA, GPIO_PIN_15, 0);
../Src/stm32f3xx_it.c(50): warning:  #188-D: enumerated type mixed with another type
  			HAL_GPIO_WritePin(GPIOC, GPIO_PIN_10, 1);
../Src/stm32f3xx_it.c(51): warning:  #188-D: enumerated type mixed with another type
  			HAL_GPIO_WritePin(GPIOC, GPIO_PIN_11, 1);
../Src/stm32f3xx_it.c(52): warning:  #188-D: enumerated type mixed with another type
  			HAL_GPIO_WritePin(GPIOC, GPIO_PIN_12, 1);
../Src/stm32f3xx_it.c(55): warning:  #188-D: enumerated type mixed with another type
  			HAL_GPIO_WritePin(GPIOA, GPIO_PIN_15, 1);
../Src/stm32f3xx_it.c(56): warning:  #188-D: enumerated type mixed with another type
  			HAL_GPIO_WritePin(GPIOC, GPIO_PIN_10, 0);
../Src/stm32f3xx_it.c(57): warning:  #188-D: enumerated type mixed with another type
  			HAL_GPIO_WritePin(GPIOC, GPIO_PIN_11, 1);
../Src/stm32f3xx_it.c(58): warning:  #188-D: enumerated type mixed with another type
  			HAL_GPIO_WritePin(GPIOC, GPIO_PIN_12, 1);
../Src/stm32f3xx_it.c(61): warning:  #188-D: enumerated type mixed with another type
  			HAL_GPIO_WritePin(GPIOA, GPIO_PIN_15, 1);
../Src/stm32f3xx_it.c(62): warning:  #188-D: enumerated type mixed with another type
  			HAL_GPIO_WritePin(GPIOC, GPIO_PIN_10, 1);
../Src/stm32f3xx_it.c(63): warning:  #188-D: enumerated type mixed with another type
  			HAL_GPIO_WritePin(GPIOC, GPIO_PIN_11, 0);
../Src/stm32f3xx_it.c(64): warning:  #188-D: enumerated type mixed with another type
  			HAL_GPIO_WritePin(GPIOC, GPIO_PIN_12, 1);
../Src/stm32f3xx_it.c(67): warning:  #188-D: enumerated type mixed with another type
  			HAL_GPIO_WritePin(GPIOA, GPIO_PIN_15, 1);
../Src/stm32f3xx_it.c(68): warning:  #188-D: enumerated type mixed with another type
  			HAL_GPIO_WritePin(GPIOC, GPIO_PIN_10, 1);
../Src/stm32f3xx_it.c(69): warning:  #188-D: enumerated type mixed with another type
  			HAL_GPIO_WritePin(GPIOC, GPIO_PIN_11, 1);
../Src/stm32f3xx_it.c(70): warning:  #188-D: enumerated type mixed with another type
  			HAL_GPIO_WritePin(GPIOC, GPIO_PIN_12, 0);
../Src/stm32f3xx_it.c(78): warning:  #188-D: enumerated type mixed with another type
  			HAL_GPIO_WritePin(GPIOD, GPIO_PIN_0, 1);
../Src/stm32f3xx_it.c(79): warning:  #188-D: enumerated type mixed with another type
  			HAL_GPIO_WritePin(GPIOD, GPIO_PIN_1, 0);
../Src/stm32f3xx_it.c(80): warning:  #188-D: enumerated type mixed with another type
  			HAL_GPIO_WritePin(GPIOD, GPIO_PIN_2, 1);
../Src/stm32f3xx_it.c(81): warning:  #188-D: enumerated type mixed with another type
  			HAL_GPIO_WritePin(GPIOD, GPIO_PIN_3, 1);
../Src/stm32f3xx_it.c(82): warning:  #188-D: enumerated type mixed with another type
  			HAL_GPIO_WritePin(GPIOD, GPIO_PIN_4, 0);
../Src/stm32f3xx_it.c(83): warning:  #188-D: enumerated type mixed with another type
  			HAL_GPIO_WritePin(GPIOD, GPIO_PIN_5, 1);
../Src/stm32f3xx_it.c(84): warning:  #188-D: enumerated type mixed with another type
  			HAL_GPIO_WritePin(GPIOD, GPIO_PIN_6, 1);
../Src/stm32f3xx_it.c(87): warning:  #188-D: enumerated type mixed with another type
  			HAL_GPIO_WritePin(GPIOD, GPIO_PIN_0, 1);
../Src/stm32f3xx_it.c(88): warning:  #188-D: enumerated type mixed with another type
  			HAL_GPIO_WritePin(GPIOD, GPIO_PIN_1, 1);
../Src/stm32f3xx_it.c(89): warning:  #188-D: enumerated type mixed with another type
  			HAL_GPIO_WritePin(GPIOD, GPIO_PIN_2, 1);
../Src/stm32f3xx_it.c(90): warning:  #188-D: enumerated type mixed with another type
  			HAL_GPIO_WritePin(GPIOD, GPIO_PIN_3, 0);
../Src/stm32f3xx_it.c(91): warning:  #188-D: enumerated type mixed with another type
  			HAL_GPIO_WritePin(GPIOD, GPIO_PIN_4, 1);
../Src/stm32f3xx_it.c(92): warning:  #188-D: enumerated type mixed with another type
  			HAL_GPIO_WritePin(GPIOD, GPIO_PIN_5, 1);
../Src/stm32f3xx_it.c(93): warning:  #188-D: enumerated type mixed with another type
  			HAL_GPIO_WritePin(GPIOD, GPIO_PIN_6, 1);
../Src/stm32f3xx_it.c(96): warning:  #188-D: enumerated type mixed with another type
  			HAL_GPIO_WritePin(GPIOD, GPIO_PIN_0, 1);
../Src/stm32f3xx_it.c(97): warning:  #188-D: enumerated type mixed with another type
  			HAL_GPIO_WritePin(GPIOD, GPIO_PIN_1, 0);
../Src/stm32f3xx_it.c(98): warning:  #188-D: enumerated type mixed with another type
  			HAL_GPIO_WritePin(GPIOD, GPIO_PIN_2, 0);
../Src/stm32f3xx_it.c(99): warning:  #188-D: enumerated type mixed with another type
  			HAL_GPIO_WritePin(GPIOD, GPIO_PIN_3, 0);
../Src/stm32f3xx_it.c(100): warning:  #188-D: enumerated type mixed with another type
  			HAL_GPIO_WritePin(GPIOD, GPIO_PIN_4, 1);
../Src/stm32f3xx_it.c(101): warning:  #188-D: enumerated type mixed with another type
  			HAL_GPIO_WritePin(GPIOD, GPIO_PIN_5, 1);
../Src/stm32f3xx_it.c(102): warning:  #188-D: enumerated type mixed with another type
  			HAL_GPIO_WritePin(GPIOD, GPIO_PIN_6, 1);
../Src/stm32f3xx_it.c(105): warning:  #188-D: enumerated type mixed with another type
  			HAL_GPIO_WritePin(GPIOD, GPIO_PIN_0, 1);
../Src/stm32f3xx_it.c(106): warning:  #188-D: enumerated type mixed with another type
  			HAL_GPIO_WritePin(GPIOD, GPIO_PIN_1, 0);
../Src/stm32f3xx_it.c(107): warning:  #188-D: enumerated type mixed with another type
  			HAL_GPIO_WritePin(GPIOD, GPIO_PIN_2, 0);
../Src/stm32f3xx_it.c(108): warning:  #188-D: enumerated type mixed with another type
  			HAL_GPIO_WritePin(GPIOD, GPIO_PIN_3, 1);
../Src/stm32f3xx_it.c(109): warning:  #188-D: enumerated type mixed with another type
  			HAL_GPIO_WritePin(GPIOD, GPIO_PIN_4, 1);
../Src/stm32f3xx_it.c(110): warning:  #188-D: enumerated type mixed with another type
  			HAL_GPIO_WritePin(GPIOD, GPIO_PIN_5, 1);
../Src/stm32f3xx_it.c(111): warning:  #188-D: enumerated type mixed with another type
  			HAL_GPIO_WritePin(GPIOD, GPIO_PIN_6, 1);
../Src/stm32f3xx_it.c(114): warning:  #188-D: enumerated type mixed with another type
  			HAL_GPIO_WritePin(GPIOD, GPIO_PIN_0, 0);
../Src/stm32f3xx_it.c(115): warning:  #188-D: enumerated type mixed with another type
  			HAL_GPIO_WritePin(GPIOD, GPIO_PIN_1, 1);
../Src/stm32f3xx_it.c(116): warning:  #188-D: enumerated type mixed with another type
  			HAL_GPIO_WritePin(GPIOD, GPIO_PIN_2, 1);
../Src/stm32f3xx_it.c(117): warning:  #188-D: enumerated type mixed with another type
  			HAL_GPIO_WritePin(GPIOD, GPIO_PIN_3, 0);
../Src/stm32f3xx_it.c(118): warning:  #188-D: enumerated type mixed with another type
  			HAL_GPIO_WritePin(GPIOD, GPIO_PIN_4, 0);
../Src/stm32f3xx_it.c(119): warning:  #188-D: enumerated type mixed with another type
  			HAL_GPIO_WritePin(GPIOD, GPIO_PIN_5, 0);
../Src/stm32f3xx_it.c(120): warning:  #188-D: enumerated type mixed with another type
  			HAL_GPIO_WritePin(GPIOD, GPIO_PIN_6, 0);
../Src/stm32f3xx_it.c(123): warning:  #188-D: enumerated type mixed with another type
  			HAL_GPIO_WritePin(GPIOD, GPIO_PIN_0, 1);
../Src/stm32f3xx_it.c(124): warning:  #188-D: enumerated type mixed with another type
  			HAL_GPIO_WritePin(GPIOD, GPIO_PIN_1, 1);
../Src/stm32f3xx_it.c(125): warning:  #188-D: enumerated type mixed with another type
  			HAL_GPIO_WritePin(GPIOD, GPIO_PIN_2, 1);
../Src/stm32f3xx_it.c(126): warning:  #188-D: enumerated type mixed with another type
  			HAL_GPIO_WritePin(GPIOD, GPIO_PIN_3, 0);
../Src/stm32f3xx_it.c(127): warning:  #188-D: enumerated type mixed with another type
  			HAL_GPIO_WritePin(GPIOD, GPIO_PIN_4, 1);
../Src/stm32f3xx_it.c(128): warning:  #188-D: enumerated type mixed with another type
  			HAL_GPIO_WritePin(GPIOD, GPIO_PIN_5, 1);
../Src/stm32f3xx_it.c(129): warning:  #188-D: enumerated type mixed with another type
  			HAL_GPIO_WritePin(GPIOD, GPIO_PIN_6, 1);
../Src/stm32f3xx_it.c: 58 warnings, 0 errors
linking...
Program Size: Code=15496 RO-data=480 RW-data=168 ZI-data=2496  
FromELF: creating hex file...
"riz_mini_project\riz_mini_project.axf" - 0 Error(s), 58 Warning(s).

<h2>Software Packages used:</h2>

Package Vendor: ARM
                http://www.keil.com/pack/ARM.CMSIS.5.3.0.pack
                ARM.CMSIS.5.3.0
                CMSIS (Cortex Microcontroller Software Interface Standard)
   * Component: CORE Version: 5.1.1

Package Vendor: Keil
                http://www.keil.com/pack/Keil.STM32F3xx_DFP.2.1.0.pack
                Keil.STM32F3xx_DFP.2.1.0
                STMicroelectronics STM32F3 Series Device Support and Examples

<h2>Collection of Component include folders:</h2>
  .\RTE\_riz_mini_project
  C:\Keil_v5\ARM\PACK\ARM\CMSIS\5.3.0\CMSIS\Include
  C:\Keil_v5\ARM\PACK\Keil\STM32F3xx_DFP\2.1.0\Drivers\CMSIS\Device\ST\STM32F3xx\Include

<h2>Collection of Component Files used:</h2>

   * Component: ARM::CMSIS:CORE:5.1.1
Build Time Elapsed:  00:00:03
</pre>
</body>
</html>
